files/143.csv
id,week,center_id,meal_id,checkout_price,base_price,emailer_for_promotion,homepage_featured,num_orders
1379508,1,143,2640,242.53,243.53,0,0,324
1411513,2,143,2640,242.53,243.53,0,0,242
1005490,3,143,2640,242.53,241.53,0,0,338
1344014,4,143,2640,243.53,243.53,0,0,458
1336113,5,143,2640,241.53,242.53,0,0,446
1465257,6,143,2640,243.53,241.53,0,0,460
1230063,7,143,2640,243.53,242.53,0,0,419
1060169,8,143,2640,241.53,241.53,0,0,352
1468772,9,143,2640,242.53,242.53,0,0,473
1465669,10,143,2640,241.53,241.53,0,0,298
1487195,11,143,2640,241.53,242.53,0,0,204
1250169,12,143,2640,243.53,243.53,0,0,284
1439376,13,143,2640,241.53,242.53,0,0,202
1029209,14,143,2640,243.53,243.53,0,0,405
1422113,15,143,2640,241.53,241.53,0,0,324
1463417,16,143,2640,242.53,241.53,0,0,258
1385178,17,143,2640,243.53,242.53,0,0,297
1165775,18,143,2640,242.53,242.53,0,0,258
1316411,19,143,2640,241.53,241.53,0,0,297
1358551,20,143,2640,241.53,242.53,0,0,338
1217452,21,143,2640,241.53,241.53,0,0,339
1275105,22,143,2640,273.6,273.6,0,0,312
1032812,23,143,2640,280.33,281.33,0,0,283
1118567,24,143,2640,281.33,281.33,0,0,258
1001856,25,143,2640,280.33,280.33,0,0,231
1064875,26,143,2640,281.33,280.33,0,0,391
1172399,27,143,2640,281.33,281.33,0,0,202
1305012,28,143,2640,281.33,281.33,0,0,177
1159182,29,143,2640,282.33,282.33,0,0,216
1225844,30,143,2640,281.33,281.33,0,0,256
1393849,31,143,2640,280.33,281.33,0,0,230
1340362,32,143,2640,281.33,280.33,0,0,175
1117114,33,143,2640,281.33,282.33,0,0,297
1315885,34,143,2640,280.33,280.33,0,0,257
1370439,35,143,2640,280.33,281.33,0,0,244
1267568,36,143,2640,282.33,281.33,0,0,189
1044340,37,143,2640,282.33,280.33,0,0,283
1247382,38,143,2640,280.33,282.33,0,0,162
1026883,39,143,2640,282.33,282.33,0,0,378
1265335,40,143,2640,281.33,282.33,0,0,378
1125698,41,143,2640,281.33,282.33,0,0,310
1280602,42,143,2640,282.33,282.33,0,0,256
1024098,43,143,2640,280.33,281.33,0,0,337
1063222,44,143,2640,282.33,280.33,0,0,393
1364034,45,143,2640,282.33,281.33,0,0,202
1346497,46,143,2640,280.33,281.33,0,0,325
1215057,47,143,2640,282.33,280.33,0,0,188
1209464,48,143,2640,282.33,281.33,0,0,391
1339752,49,143,2640,281.33,280.33,0,0,474
1419872,50,143,2640,281.33,282.33,0,0,473
1251518,51,143,2640,282.33,281.33,0,0,176
1034279,52,143,2640,280.33,280.33,0,0,500
1042532,53,143,2640,280.33,282.33,0,1,460
1397169,54,143,2640,281.33,280.33,0,1,323
1379419,55,143,2640,281.33,281.33,0,1,352
1271321,56,143,2640,282.33,281.33,0,1,312
1238973,57,143,2640,280.33,282.33,0,1,285
1385933,58,143,2640,280.33,280.33,0,0,217
1169744,59,143,2640,281.33,282.33,0,0,269
1107451,60,143,2640,281.33,282.33,0,0,339
1206126,61,143,2640,280.33,281.33,0,0,350
1102629,62,143,2640,282.33,280.33,0,0,176
1041574,63,143,2640,280.33,282.33,0,0,337
1202860,64,143,2640,281.33,280.33,0,0,244
1134396,65,143,2640,282.33,281.33,0,0,364
1152133,66,143,2640,281.33,280.33,0,0,215
1363713,67,143,2640,282.33,281.33,0,0,379
1202138,68,143,2640,280.33,280.33,0,0,324
1152694,69,143,2640,280.33,281.33,0,0,284
1496657,70,143,2640,280.33,281.33,0,0,311
1120057,71,143,2640,282.33,281.33,0,0,350
1200992,72,143,2640,282.33,282.33,0,0,337
1325241,73,143,2640,280.33,282.33,0,0,350
1005846,74,143,2640,282.33,281.33,0,0,285
1158305,75,143,2640,282.33,281.33,0,0,310
1463672,76,143,2640,282.33,282.33,0,0,244
1121973,77,143,2640,282.33,282.33,0,0,350
1312325,78,143,2640,280.33,280.33,0,0,270
1092487,79,143,2640,280.33,282.33,0,0,242
1213083,80,143,2640,282.33,281.33,0,0,258
1110521,81,143,2640,282.33,281.33,0,0,243
1307490,82,143,2640,280.33,280.33,0,0,231
1469832,83,143,2640,281.33,282.33,0,0,188
1441919,84,143,2640,280.33,280.33,0,0,283
1184560,85,143,2640,194.97,282.33,1,0,594
1295777,86,143,2640,195.03,282.33,1,1,636
1358576,87,143,2640,193.03,281.33,0,1,580
1129514,88,143,2640,280.33,282.33,0,0,338
1349714,89,143,2640,280.33,281.33,0,0,377
1459915,90,143,2640,280.33,281.33,0,0,472
1341535,91,143,2640,282.33,282.33,0,0,377
1011529,92,143,2640,282.33,281.33,0,0,323
1167653,93,143,2640,282.33,282.33,0,0,406
1097594,94,143,2640,280.33,282.33,0,0,350
1410181,95,143,2640,280.33,280.33,0,0,392
1024029,96,143,2640,280.33,280.33,0,0,284
1330448,97,143,2640,282.33,280.33,0,0,391
1195760,98,143,2640,282.33,282.33,0,0,568
1361033,99,143,2640,281.33,280.33,0,0,431
1226096,100,143,2640,282.33,280.33,0,0,325
1121135,101,143,2640,280.33,282.33,0,0,459
1404229,102,143,2640,280.33,280.33,0,0,582
1180909,103,143,2640,281.33,281.33,0,0,486
1270634,104,143,2640,280.33,281.33,0,0,339
1253102,105,143,2640,280.33,282.33,0,0,324
1019768,106,143,2640,280.33,282.33,0,0,433
1305438,107,143,2640,213.46,282.33,1,1,769
1023478,108,143,2640,213.43,280.33,1,1,879
1465758,109,143,2640,213.46,280.33,1,1,729
1482286,110,143,2640,211.46,280.33,0,1,393
1476372,111,143,2640,281.33,280.33,0,0,149
1366804,112,143,2640,280.33,281.33,0,0,121
1286639,113,143,2640,282.33,282.33,0,0,284
1394354,114,143,2640,280.33,281.33,0,0,311
1326635,115,143,2640,282.33,280.33,0,0,244
1376461,116,143,2640,281.33,280.33,0,0,297
1313626,117,143,2640,281.33,282.33,0,0,339
1169128,118,143,2640,281.33,282.33,0,0,324
1234760,119,143,2640,282.33,282.33,0,0,242
1096315,120,143,2640,280.33,280.33,0,0,312
1313705,121,143,2640,281.33,282.33,0,0,378
1320436,122,143,2640,280.33,281.33,0,0,446
1458014,123,143,2640,242.53,281.33,0,1,501
1178087,124,143,2640,244.5,280.33,0,1,323
1423798,125,143,2640,282.33,282.33,0,0,285
1162244,126,143,2640,282.33,281.33,0,0,189
1057586,127,143,2640,280.33,280.33,0,0,243
1001161,128,143,2640,282.33,280.33,0,0,204
1128784,129,143,2640,280.33,280.33,0,0,149
1094543,130,143,2640,282.33,281.33,0,0,150
1054096,131,143,2640,309.49,309.49,0,0,107
1008989,132,143,2640,320.13,319.13,0,0,107
1112611,133,143,2640,321.13,320.13,0,0,96
1277577,134,143,2640,319.13,320.13,0,0,94
1314705,135,143,2640,321.13,321.13,0,0,122
1152627,136,143,2640,320.13,321.13,0,0,121
1325651,137,143,2640,319.13,319.13,0,0,134
1380588,138,143,2640,320.13,320.13,0,0,40
1089255,139,143,2640,320.13,319.13,0,0,122
1285118,140,143,2640,319.13,319.13,0,0,216
1225733,141,143,2640,321.13,321.13,0,0,122
1000240,142,143,2640,321.13,321.13,0,0,134
1414903,143,143,2640,319.13,320.13,0,0,134
1457386,144,143,2640,321.13,320.13,0,0,82
1166054,145,143,2640,320.13,319.13,0,0,27
1476040,1,143,1878,243.53,241.53,0,0,188
1170539,2,143,1878,241.53,242.53,0,0,271
1324107,3,143,1878,243.53,243.53,0,0,204
1288227,4,143,1878,241.53,243.53,0,0,176
1453506,5,143,1878,242.53,241.53,0,0,311
1332448,6,143,1878,241.53,241.53,0,0,230
1096858,7,143,1878,243.53,242.53,0,0,215
1402856,8,143,1878,241.53,241.53,0,0,366
1206052,9,143,1878,241.53,242.53,0,0,298
1470768,10,143,1878,243.53,243.53,0,0,296
1112277,11,143,1878,243.53,242.53,0,0,203
1148193,12,143,1878,241.53,243.53,0,0,177
1256430,13,143,1878,241.53,241.53,0,0,149
1229499,14,143,1878,241.53,241.53,0,0,230
1021193,15,143,1878,243.53,243.53,0,0,231
1212838,16,143,1878,243.53,241.53,0,0,298
1389086,17,143,1878,242.53,243.53,0,0,311
1004394,18,143,1878,243.53,241.53,0,0,163
1334134,19,143,1878,243.53,242.53,0,0,297
1082443,20,143,1878,243.53,242.53,0,0,257
1265065,21,143,1878,242.53,242.53,0,0,189
1317036,22,143,1878,282.33,281.33,0,0,215
1277746,23,143,1878,282.33,281.33,0,0,285
1003264,24,143,1878,280.33,281.33,0,0,270
1260868,25,143,1878,281.33,282.33,0,0,121
1094724,26,143,1878,281.33,281.33,0,0,176
1307767,27,143,1878,281.33,281.33,0,0,285
1066209,28,143,1878,281.33,281.33,0,0,202
1153111,29,143,1878,282.33,281.33,0,0,121
1026796,30,143,1878,282.33,280.33,0,0,204
1430823,31,143,1878,280.33,281.33,0,0,121
1370364,32,143,1878,282.33,280.33,0,0,189
1112313,33,143,1878,282.33,280.33,0,0,202
1475285,34,143,1878,280.33,282.33,0,0,203
1014466,35,143,1878,282.33,280.33,0,0,325
1410581,36,143,1878,281.33,280.33,0,0,123
1457233,37,143,1878,281.33,281.33,0,0,242
1153547,38,143,1878,282.33,280.33,0,0,108
1186934,39,143,1878,280.33,281.33,0,0,258
1382451,40,143,1878,281.33,280.33,0,0,243
1340013,41,143,1878,282.33,281.33,0,0,258
1379315,42,143,1878,281.33,280.33,0,0,298
1261475,43,143,1878,282.33,281.33,0,0,269
1122756,44,143,1878,282.33,280.33,0,0,269
1186233,45,143,1878,281.33,280.33,0,0,215
1441535,46,143,1878,282.33,280.33,0,0,284
1007699,47,143,1878,281.33,280.33,0,0,231
1076916,48,143,1878,280.33,281.33,0,0,149
1485333,49,143,1878,281.33,281.33,0,0,351
1117772,50,143,1878,281.33,282.33,0,0,256
1024850,51,143,1878,281.33,282.33,0,0,242
1237727,52,143,1878,281.33,280.33,0,0,339
1316803,53,143,1878,280.33,280.33,0,1,270
1175019,54,143,1878,281.33,280.33,0,1,215
1087433,55,143,1878,281.33,280.33,0,1,298
1288974,56,143,1878,282.33,280.33,0,1,230
1463306,57,143,1878,281.33,281.33,0,1,230
1371330,58,143,1878,282.33,282.33,0,0,229
1373266,59,143,1878,281.33,282.33,0,0,256
1120406,60,143,1878,280.33,280.33,0,0,312
1471407,61,143,1878,280.33,282.33,0,0,269
1436202,62,143,1878,281.33,281.33,0,0,244
1226169,63,143,1878,280.33,281.33,0,0,162
1019800,64,143,1878,281.33,281.33,0,0,149
1334099,65,143,1878,282.33,280.33,0,0,297
1059987,66,143,1878,281.33,280.33,0,0,269
1309112,67,143,1878,282.33,282.33,0,0,161
1182121,68,143,1878,282.33,282.33,0,0,176
1433600,69,143,1878,281.33,280.33,0,0,285
1200712,70,143,1878,280.33,281.33,0,0,190
1237477,71,143,1878,280.33,282.33,0,0,298
1395963,72,143,1878,282.33,280.33,0,0,217
1219175,73,143,1878,282.33,281.33,0,0,338
1298667,74,143,1878,282.33,282.33,0,0,284
1379367,75,143,1878,282.33,280.33,0,0,215
1286163,76,143,1878,282.33,282.33,0,0,202
1042364,77,143,1878,281.33,282.33,0,0,216
1273109,78,143,1878,281.33,280.33,0,0,123
1439877,79,143,1878,282.33,282.33,0,0,148
1366445,80,143,1878,280.33,280.33,0,0,163
1267043,81,143,1878,281.33,282.33,0,0,203
1048532,82,143,1878,282.33,280.33,0,0,284
1152635,83,143,1878,281.33,281.33,0,0,190
1240627,84,143,1878,280.33,282.33,0,0,231
1455971,85,143,1878,194.03,280.33,1,1,609
1315962,86,143,1878,195.03,280.33,1,1,512
1313865,87,143,1878,193.03,282.33,0,1,473
1028485,88,143,1878,280.33,280.33,0,0,298
1418666,89,143,1878,282.33,282.33,0,0,242
1405886,90,143,1878,280.33,280.33,0,0,136
1128584,91,143,1878,280.33,281.33,0,0,285
1137902,92,143,1878,280.33,280.33,0,0,256
1380642,93,143,1878,282.33,281.33,0,0,243
1200564,94,143,1878,282.33,280.33,0,0,163
1312139,95,143,1878,282.33,281.33,0,0,284
1343010,96,143,1878,280.33,280.33,0,0,203
1305218,97,143,1878,281.33,281.33,0,0,202
1338759,98,143,1878,282.33,282.33,0,0,352
1078290,99,143,1878,282.33,280.33,0,0,229
1020366,100,143,1878,281.33,281.33,0,0,283
1268531,101,143,1878,282.33,281.33,0,0,485
1473792,102,143,1878,281.33,281.33,0,0,350
1191262,103,143,1878,280.33,282.33,0,0,296
1166632,104,143,1878,280.33,281.33,0,0,271
1441688,105,143,1878,281.33,281.33,0,0,231
1135211,106,143,1878,280.33,281.33,0,0,231
1438369,107,143,1878,214.4,280.33,1,1,458
1378237,108,143,1878,213.46,280.33,1,1,512
1237145,109,143,1878,215.37,281.33,1,1,378
1420554,110,143,1878,211.46,280.33,0,1,243
1405040,111,143,1878,281.33,282.33,0,0,161
1143611,112,143,1878,281.33,281.33,0,0,95
1150411,113,143,1878,281.33,280.33,0,0,162
1315918,114,143,1878,281.33,281.33,0,0,202
1287896,115,143,1878,280.33,280.33,0,0,298
1340067,116,143,1878,281.33,280.33,0,0,217
1262962,117,143,1878,281.33,281.33,0,0,176
1193754,118,143,1878,282.33,280.33,0,0,231
1021622,119,143,1878,282.33,280.33,0,0,134
1164222,120,143,1878,281.33,282.33,0,0,107
1141867,121,143,1878,281.33,281.33,0,0,215
1337446,122,143,1878,280.33,280.33,0,0,122
1116731,123,143,1878,243.53,280.33,0,1,310
1433641,124,143,1878,245.47,280.33,0,1,270
1269317,125,143,1878,280.33,280.33,0,0,175
1365344,126,143,1878,282.33,282.33,0,0,231
1219057,127,143,1878,281.33,280.33,0,0,188
1465347,128,143,1878,282.33,280.33,0,0,175
1297589,129,143,1878,281.33,282.33,0,0,121
1166157,130,143,1878,282.33,280.33,0,0,123
1474129,131,143,1878,305.61,305.61,0,0,121
1357494,132,143,1878,319.13,319.13,0,0,122
1316830,133,143,1878,319.13,321.13,0,0,149
1005217,134,143,1878,319.13,319.13,0,0,121
1113086,135,143,1878,320.13,321.13,0,0,135
1103865,136,143,1878,320.13,320.13,0,0,161
1498474,137,143,1878,321.13,321.13,0,0,135
1247914,138,143,1878,319.13,319.13,0,0,96
1300068,139,143,1878,319.13,321.13,0,0,188
1154206,140,143,1878,320.13,320.13,0,0,163
1189378,141,143,1878,320.13,320.13,0,0,188
1284723,142,143,1878,320.13,320.13,0,0,188
1202566,143,143,1878,320.13,319.13,0,0,161
1447938,144,143,1878,319.13,321.13,0,0,216
1141196,145,143,1878,320.13,320.13,0,0,136
1323985,1,143,2306,242.5,340.53,0,0,175
1128590,2,143,2306,242.5,243.5,0,0,163
1326112,3,143,2306,244.5,243.5,0,0,55
1304892,4,143,2306,242.5,242.5,0,0,55
1312323,5,143,2306,243.5,244.5,1,0,42
1071551,6,143,2306,243.5,243.5,0,0,109
1460307,7,143,2306,244.5,243.5,0,0,81
1023600,8,143,2306,244.5,243.5,1,0,96
1125726,9,143,2306,244.5,242.5,0,0,13
1423923,10,143,2306,243.5,244.5,0,0,14
1162232,11,143,2306,263.84,265.84,0,0,123
1437183,12,143,2306,244.5,243.5,0,0,123
1457959,13,143,2306,242.5,243.5,0,0,55
1200010,14,143,2306,243.5,242.5,0,0,149
1113361,15,143,2306,281.3,283.3,0,0,67
1074979,16,143,2306,293,291,0,0,28
1057663,17,143,2306,339.53,338.53,0,0,28
1361404,18,143,2306,244.5,339.53,1,1,148
1225807,19,143,2306,244.5,340.53,0,1,80
1136731,20,143,2306,242.5,340.53,0,0,55
1431401,21,143,2306,243.5,338.53,0,0,95
1026900,22,143,2306,339.53,339.53,0,0,14
1154728,23,143,2306,340.53,338.53,0,0,54
1233282,24,143,2306,340.53,339.53,0,0,27
1404790,25,143,2306,255.14,338.53,1,0,108
1410712,26,143,2306,255.14,338.53,1,0,109
1386197,27,143,2306,242.5,338.53,0,0,27
1246602,28,143,2306,290.03,340.53,0,0,41
1473195,29,143,2306,339.53,339.53,0,0,55
1056283,30,143,2306,340.53,340.53,0,0,41
1184654,31,143,2306,340.53,338.53,0,0,53
1352079,33,143,2306,243.5,340.53,1,0,67
1403292,34,143,2306,243.5,338.53,0,0,81
1244081,35,143,2306,243.5,338.53,0,0,135
1276460,36,143,2306,243.5,340.53,0,0,53
1495884,37,143,2306,340.53,340.53,0,0,26
1334752,38,143,2306,293,338.53,0,0,26
1314595,39,143,2306,255.14,338.53,1,0,107
1214068,40,143,2306,243.5,338.53,1,1,108
1046601,41,143,2306,254.17,340.53,0,1,123
1324473,42,143,2306,242.5,339.53,0,1,53
1012712,43,143,2306,339.53,339.53,0,0,42
1457985,44,143,2306,339.53,340.53,0,0,40
1109262,45,143,2306,340.53,339.53,0,0,69
1216430,46,143,2306,338.53,340.53,0,0,53
1026679,47,143,2306,340.53,339.53,0,0,28
1132575,48,143,2306,339.53,339.53,0,0,27
1236587,49,143,2306,339.53,339.53,0,0,55
1210370,50,143,2306,339.53,339.53,0,0,69
1249993,51,143,2306,307.52,308.52,0,0,42
1390703,52,143,2306,242.5,308.52,1,1,96
1222343,53,143,2306,243.5,308.52,1,1,204
1058364,54,143,2306,243.5,308.52,0,0,95
1262800,55,143,2306,258.02,307.52,0,0,95
1222936,56,143,2306,349.23,350.23,0,0,81
1172805,57,143,2306,349.23,348.23,0,0,53
1278993,61,143,2306,349.23,349.23,0,0,42
1068233,63,143,2306,350.23,348.23,0,0,42
1173472,64,143,2306,350.23,350.23,0,0,41
1332873,65,143,2306,348.23,350.23,0,0,55
1331165,66,143,2306,242.5,350.23,1,0,40
1274163,67,143,2306,244.5,350.23,0,0,40
1422033,68,143,2306,260.96,350.23,0,0,80
1494761,69,143,2306,349.23,348.23,0,0,15
1374017,70,143,2306,201.76,350.23,1,1,350
1032118,71,143,2306,193.03,350.23,1,1,324
1112368,72,143,2306,195.03,350.23,0,0,149
1329586,73,143,2306,195.03,349.23,0,0,81
1148335,74,143,2306,349.23,348.23,0,0,15
1455040,75,143,2306,350.23,350.23,0,0,53
1478408,76,143,2306,350.23,348.23,0,0,14
1351293,77,143,2306,348.23,350.23,0,0,27
1199114,78,143,2306,349.23,348.23,0,0,26
1313687,79,143,2306,349.23,349.23,0,0,13
1440037,80,143,2306,350.23,349.23,0,0,40
1335415,81,143,2306,348.23,349.23,0,0,40
1312057,83,143,2306,350.23,350.23,0,0,27
1393044,84,143,2306,348.23,350.23,0,0,54
1295637,85,143,2306,242.5,349.23,0,0,53
1120451,86,143,2306,243.5,350.23,0,0,67
1308404,87,143,2306,242.5,349.23,0,0,67
1200758,88,143,2306,243.5,348.23,1,0,40
1056536,89,143,2306,349.23,348.23,1,0,13
1066156,90,143,2306,348.23,348.23,0,0,13
1489990,93,143,2306,350.23,349.23,0,0,28
1171853,94,143,2306,349.23,348.23,0,0,27
1273540,95,143,2306,349.23,349.23,0,0,42
1351876,96,143,2306,350.23,350.23,0,0,41
1266490,100,143,2306,350.23,348.23,0,0,13
1328458,101,143,2306,350.23,350.23,0,0,27
1431105,102,143,2306,350.23,350.23,0,0,13
1463382,103,143,2306,243.5,348.23,0,0,28
1405383,104,143,2306,244.5,348.23,1,0,190
1247820,105,143,2306,244.5,349.23,1,0,109
1073968,106,143,2306,242.5,350.23,0,0,26
1290061,107,143,2306,348.23,350.23,0,0,53
1149193,108,143,2306,348.23,348.23,0,0,27
1468751,109,143,2306,348.23,350.23,0,0,15
1230067,110,143,2306,348.23,349.23,0,0,27
1466458,111,143,2306,348.23,348.23,0,0,28
1288486,112,143,2306,349.23,349.23,0,0,54
1474053,113,143,2306,243.5,348.23,1,1,96
1474398,114,143,2306,242.5,350.23,1,0,54
1466761,115,143,2306,350.23,348.23,0,0,27
1362970,116,143,2306,349.23,349.23,0,0,42
1160499,117,143,2306,348.23,348.23,0,0,14
1089633,118,143,2306,335.62,336.62,0,0,28
1110598,119,143,2306,336.62,335.62,0,0,15
1173493,120,143,2306,336.62,335.62,0,0,28
1348951,123,143,2306,207.61,335.62,1,0,149
1477800,124,143,2306,243.53,336.62,0,0,41
1111755,125,143,2306,241.53,336.62,0,0,68
1031295,126,143,2306,336.62,336.62,0,0,42
1055086,127,143,2306,335.62,336.62,0,0,28
1386096,128,143,2306,336.62,336.62,0,0,26
1394860,129,143,2306,335.62,336.62,0,0,26
1430941,130,143,2306,335.62,337.62,0,0,28
1396951,131,143,2306,337.62,336.62,0,0,13
1410302,133,143,2306,337.62,335.62,0,0,80
1304643,134,143,2306,337.62,337.62,0,0,14
1455168,135,143,2306,337.62,336.62,0,0,27
1129571,136,143,2306,337.62,337.62,0,0,28
1260631,137,143,2306,335.62,336.62,0,0,42
1418779,138,143,2306,336.62,336.62,0,0,28
1082930,139,143,2306,243.5,335.62,0,0,80
1236068,140,143,2306,190.18,337.62,1,0,215
1136766,141,143,2306,336.62,336.62,0,0,41
1412316,142,143,2306,336.62,337.62,0,0,82
1186581,143,143,2306,292.03,337.62,0,0,28
1339395,144,143,2306,292.03,336.62,0,0,40
1009111,145,143,2306,242.53,336.62,1,0,15
