files/143.csv
id,week,center_id,meal_id,checkout_price,base_price,emailer_for_promotion,homepage_featured,num_orders
1160342,27,143,2490,242.5,244.5,0,0,149
1297735,28,143,2490,244.5,243.5,0,0,150
1193962,29,143,2490,243.5,244.5,0,0,95
1320201,30,143,2490,242.5,243.5,0,0,149
1041814,31,143,2490,194.97,243.5,1,1,688
1392800,32,143,2490,242.5,244.5,0,0,202
1346986,33,143,2490,243.5,244.5,0,0,121
1304333,34,143,2490,244.5,243.5,0,0,107
1128079,35,143,2490,244.5,243.5,0,0,256
1164312,36,143,2490,242.5,244.5,0,0,269
1466527,37,143,2490,244.5,243.5,0,0,150
1281926,38,143,2490,242.5,243.5,0,0,189
1101071,39,143,2490,244.5,242.5,0,0,242
1221067,40,143,2490,243.5,243.5,0,0,135
1129841,41,143,2490,243.5,243.5,0,0,243
1248577,42,143,2490,243.5,244.5,1,1,499
1391486,43,143,2490,244.5,244.5,0,0,150
1353345,44,143,2490,243.5,243.5,0,0,123
1269808,45,143,2490,242.5,242.5,0,0,203
1114829,46,143,2490,243.5,242.5,0,0,242
1037193,47,143,2490,243.5,243.5,0,0,81
1301326,48,143,2490,195,244.5,1,1,323
1416799,49,143,2490,236.68,243.5,1,0,242
1093864,50,143,2490,242.5,244.5,0,0,258
1270969,51,143,2490,243.5,244.5,0,0,215
1269697,52,143,2490,196.97,242.5,1,1,458
1112365,53,143,2490,195,244.5,0,0,136
1220548,54,143,2490,244.5,244.5,0,0,122
1108980,55,143,2490,243.5,244.5,0,0,122
1367819,56,143,2490,243.5,243.5,0,0,135
1400576,57,143,2490,243.5,243.5,0,0,69
1129121,58,143,2490,243.5,242.5,0,0,177
1444880,59,143,2490,242.5,243.5,0,0,244
1028723,60,143,2490,243.5,243.5,0,0,230
1344924,61,143,2490,244.5,242.5,0,0,231
1324251,62,143,2490,244.5,242.5,0,0,135
1081271,63,143,2490,244.5,244.5,0,0,215
1359131,64,143,2490,243.5,243.5,0,0,175
1261799,65,143,2490,176.6,244.5,1,1,757
1220289,66,143,2490,242.5,242.5,0,0,135
1478180,67,143,2490,242.5,244.5,0,0,81
1423631,68,143,2490,243.5,243.5,0,0,148
1490531,69,143,2490,244.5,243.5,0,0,150
1176299,70,143,2490,243.5,242.5,0,0,177
1385482,71,143,2490,242.5,242.5,0,0,176
1358622,72,143,2490,244.5,243.5,0,0,269
1392489,73,143,2490,242.5,242.5,0,0,121
1268734,74,143,2490,243.5,244.5,0,0,67
1070906,75,143,2490,242.5,242.5,0,0,216
1381987,76,143,2490,147.47,243.5,1,1,1215
1157873,77,143,2490,146.5,243.5,1,1,837
1206532,78,143,2490,148.47,243.5,0,1,904
1487900,79,143,2490,144.53,242.5,0,1,891
1474469,80,143,2490,240.62,240.62,0,0,310
1040738,81,143,2490,243.5,243.5,0,0,298
1063768,82,143,2490,243.5,243.5,0,0,163
1188731,83,143,2490,242.5,244.5,0,0,148
1391048,84,143,2490,243.5,243.5,0,0,161
1110789,85,143,2490,243.5,244.5,0,0,135
1115012,86,143,2490,243.5,244.5,0,0,189
1400760,87,143,2490,242.5,242.5,0,0,257
1221872,88,143,2490,244.5,243.5,0,0,204
1239293,89,143,2490,242.5,243.5,0,0,204
1413196,90,143,2490,192.06,243.5,1,1,567
1092494,91,143,2490,194.06,244.5,1,1,364
1000650,92,143,2490,243.5,242.5,0,0,161
1286103,93,143,2490,242.5,244.5,0,0,229
1412699,94,143,2490,194,244.5,1,1,512
1495815,95,143,2490,231.83,231.83,0,0,108
1174076,96,143,2490,242.5,244.5,0,0,188
1135677,97,143,2490,244.5,242.5,0,0,258
1139729,98,143,2490,242.5,242.5,0,0,244
1479382,99,143,2490,242.5,243.5,0,0,177
1328415,100,143,2490,244.5,242.5,0,0,204
1319234,101,143,2490,244.5,244.5,0,0,203
1197819,102,143,2490,242.5,242.5,0,0,148
1474439,103,143,2490,242.5,244.5,0,0,149
1212912,104,143,2490,242.5,243.5,0,0,134
1054165,105,143,2490,243.5,243.5,0,0,177
1452221,106,143,2490,243.5,244.5,0,0,108
1022062,107,143,2490,244.5,244.5,0,0,161
1168471,108,143,2490,243.5,244.5,0,0,283
1272895,109,143,2490,242.5,243.5,0,0,310
1095441,110,143,2490,244.5,243.5,0,0,122
1065558,111,143,2490,228.98,227.98,0,0,203
1016143,112,143,2490,244.5,243.5,0,0,108
1222446,113,143,2490,291.03,291.03,0,0,150
1139345,114,143,2490,290.03,290.03,0,0,136
1358113,115,143,2490,290.03,291.03,0,0,82
1355632,116,143,2490,291.03,292.03,0,0,134
1278243,117,143,2490,194,292.03,1,0,323
1152372,118,143,2490,195,292.03,1,0,312
1413586,119,143,2490,290.03,291.03,0,0,204
1064594,120,143,2490,291.03,290.03,0,0,107
1445953,121,143,2490,291.03,290.03,0,0,134
1401841,122,143,2490,249.32,291.03,0,0,95
1295496,123,143,2490,292.03,291.03,0,0,55
1317720,124,143,2490,292.03,291.03,0,0,175
1485380,125,143,2490,196,291.03,1,1,337
1019312,126,143,2490,291.03,290.03,0,0,163
1345301,127,143,2490,291.03,291.03,0,0,188
1407821,128,143,2490,290.03,292.03,0,0,150
1166379,129,143,2490,291.03,291.03,0,0,162
1433087,130,143,2490,292.03,291.03,0,0,242
1342248,131,143,2490,290.03,290.03,0,0,69
1212486,132,143,2490,292.03,291.03,0,0,107
1224062,133,143,2490,291.03,290.03,0,0,82
1050433,134,143,2490,291.03,290.03,0,0,121
1110764,135,143,2490,291.03,291.03,0,0,108
1223190,136,143,2490,261.93,290.03,0,0,136
1295845,137,143,2490,273.54,273.54,0,0,121
1145981,138,143,2490,290.03,292.03,0,0,149
1220776,139,143,2490,248.32,290.03,0,0,96
1384159,140,143,2490,243.5,290.03,1,0,297
1157997,141,143,2490,284.21,286.21,0,0,107
1382922,142,143,2490,291.03,291.03,0,0,148
1478941,143,143,2490,290.03,291.03,0,0,109
1437823,144,143,2490,292.03,291.03,0,0,148
1169471,145,143,2490,292.03,291.03,0,0,149
1458491,61,143,1571,629.53,629.53,0,0,54
1142934,64,143,1571,631.53,629.53,0,0,54
1139852,65,143,1571,629.53,631.53,0,0,40
1304027,66,143,1571,630.53,631.53,0,0,13
1480886,67,143,1571,629.53,629.53,0,0,40
1045933,68,143,1571,630.53,630.53,0,0,14
1375402,70,143,1571,629.53,630.53,0,0,28
1361855,71,143,1571,629.53,631.53,0,0,14
1032952,72,143,1571,630.53,630.53,0,0,14
1003584,73,143,1571,631.53,631.53,0,0,42
1419224,74,143,1571,629.53,630.53,0,0,136
1345815,75,143,1571,630.53,629.53,0,0,15
1307492,76,143,1571,630.53,629.53,0,0,13
1276520,77,143,1571,629.53,631.53,0,0,27
1420409,78,143,1571,629.53,630.53,0,0,42
1191722,79,143,1571,581.03,581.03,0,0,53
1185494,80,143,1571,582.03,582.03,0,0,42
1163051,81,143,1571,581.03,581.03,0,0,54
1315358,82,143,1571,582.03,581.03,0,0,15
1378771,83,143,1571,583.03,581.03,0,0,28
1252544,84,143,1571,583.03,581.03,0,0,41
1209800,85,143,1571,582.03,582.03,0,0,107
1296825,86,143,1571,582.03,582.03,0,0,14
1444012,87,143,1571,583.03,582.03,0,0,40
1262242,88,143,1571,583.03,582.03,0,0,96
1275910,89,143,1571,582.03,582.03,0,0,40
1373853,90,143,1571,581.03,582.03,0,0,55
1132008,91,143,1571,582.03,581.03,0,0,26
1461405,92,143,1571,583.03,582.03,0,0,42
1361031,93,143,1571,581.03,581.03,0,0,53
1071717,94,143,1571,582.03,582.03,0,0,28
1245153,95,143,1571,583.03,581.03,0,0,81
1062767,96,143,1571,581.03,581.03,0,0,68
1016127,97,143,1571,583.03,581.03,0,0,108
1098044,98,143,1571,583.03,582.03,0,0,28
1281340,99,143,1571,582.03,583.03,0,0,14
1346557,100,143,1571,486.03,582.03,0,0,67
1222196,101,143,1571,484.03,583.03,0,0,95
1046067,103,143,1571,583.03,581.03,0,0,81
1440618,104,143,1571,581.03,582.03,0,0,41
1110366,105,143,1571,582.03,583.03,0,0,121
1492262,106,143,1571,581.03,581.03,0,0,94
1229958,107,143,1571,581.03,581.03,0,0,41
1459387,108,143,1571,582.03,583.03,0,0,108
1074018,109,143,1571,582.03,581.03,0,0,81
1115003,110,143,1571,581.03,581.03,0,0,68
1385027,111,143,1571,582.03,581.03,0,0,94
1469186,112,143,1571,581.03,583.03,0,0,68
1246942,113,143,1571,583.03,581.03,0,0,69
1195149,114,143,1571,581.03,583.03,0,0,53
1041524,115,143,1571,594.61,596.61,0,0,95
1061436,116,143,1571,581.03,582.03,0,0,149
1347197,117,143,1571,581.03,583.03,0,0,176
1257043,118,143,1571,583.03,582.03,0,0,55
1097042,119,143,1571,583.03,582.03,0,0,82
1208551,120,143,1571,583.03,583.03,0,0,162
1136439,121,143,1571,583.03,581.03,0,0,27
1311756,122,143,1571,583.03,582.03,0,0,123
1336498,123,143,1571,583.03,583.03,0,0,55
1327072,124,143,1571,582.03,583.03,0,0,109
1201638,125,143,1571,594.64,595.64,0,0,108
1317825,126,143,1571,629.53,629.53,0,0,80
1403218,127,143,1571,629.53,631.53,0,0,135
1110582,128,143,1571,631.53,631.53,0,0,68
1472783,129,143,1571,435.53,631.53,0,1,177
1485476,130,143,1571,437.53,631.53,0,1,229
1143173,131,143,1571,437.53,631.53,0,1,215
1068462,132,143,1571,435.53,631.53,0,1,297
1325077,133,143,1571,600.43,601.43,0,0,67
1102742,134,143,1571,601.43,600.43,0,0,136
1104332,135,143,1571,602.43,602.43,0,0,176
1442434,136,143,1571,603.34,605.34,0,0,122
1324334,137,143,1571,630.53,629.53,0,0,81
1113823,138,143,1571,631.53,629.53,0,0,122
1106660,139,143,1571,486.03,629.53,0,0,215
1217100,140,143,1571,484.03,631.53,0,0,109
1245471,141,143,1571,581.03,581.03,0,0,55
1095536,142,143,1571,583.03,581.03,0,0,95
1244827,143,143,1571,582.03,582.03,0,0,67
1406266,144,143,1571,587.85,586.85,0,0,122
1495934,145,143,1571,582.03,581.03,0,0,69
1285323,61,143,2956,629.53,631.53,0,0,96
1085079,62,143,2956,629.53,630.53,0,0,27
1433778,63,143,2956,630.53,631.53,0,0,14
1189003,64,143,2956,631.53,630.53,0,0,14
1291042,66,143,2956,629.53,629.53,0,0,41
1487321,68,143,2956,631.53,630.53,0,0,13
1211401,69,143,2956,631.53,631.53,0,0,27
1219553,70,143,2956,630.53,629.53,0,0,42
1476498,71,143,2956,630.53,631.53,0,0,40
1031452,72,143,2956,630.53,629.53,0,0,55
1295071,73,143,2956,630.53,630.53,0,0,15
1268456,74,143,2956,629.53,629.53,0,0,54
1069515,75,143,2956,631.53,630.53,0,0,81
1174111,76,143,2956,629.53,630.53,0,0,14
1381757,77,143,2956,630.53,629.53,0,0,26
1248178,78,143,2956,629.53,629.53,0,0,42
1083633,79,143,2956,581.03,582.03,0,0,108
1331198,80,143,2956,582.03,581.03,0,0,14
1030571,81,143,2956,581.03,582.03,0,0,81
1024384,82,143,2956,581.03,583.03,0,0,27
1435710,83,143,2956,581.03,583.03,0,0,96
1160997,84,143,2956,581.03,581.03,0,0,28
1010923,85,143,2956,583.03,581.03,0,0,80
1243801,86,143,2956,582.03,582.03,0,0,55
1184781,87,143,2956,582.03,581.03,0,0,53
1439774,88,143,2956,582.03,581.03,0,0,27
1221322,89,143,2956,583.03,583.03,0,0,27
1107157,90,143,2956,583.03,581.03,0,0,54
1367327,91,143,2956,583.03,581.03,0,0,68
1143650,92,143,2956,581.03,581.03,0,0,68
1215418,93,143,2956,583.03,583.03,0,0,68
1214057,94,143,2956,583.03,581.03,0,0,94
1343561,95,143,2956,581.03,582.03,0,0,80
1471752,96,143,2956,583.03,582.03,0,0,122
1068522,97,143,2956,591.7,591.7,0,0,121
1175692,98,143,2956,582.03,581.03,0,0,26
1053707,100,143,2956,484.03,582.03,0,0,150
1158044,101,143,2956,485.03,583.03,0,0,215
1098052,102,143,2956,582.03,583.03,0,0,14
1370221,103,143,2956,583.03,581.03,0,0,27
1141688,104,143,2956,581.03,583.03,0,0,68
1014400,105,143,2956,581.03,582.03,0,0,41
1275690,106,143,2956,581.03,582.03,0,0,122
1061306,107,143,2956,581.03,581.03,0,0,26
1049128,108,143,2956,581.03,583.03,0,0,107
1164845,109,143,2956,583.03,582.03,0,0,109
1337039,110,143,2956,582.03,581.03,0,0,67
1121070,111,143,2956,581.03,583.03,0,0,54
1133707,112,143,2956,582.03,581.03,0,0,96
1193670,113,143,2956,583.03,582.03,0,0,68
1451611,114,143,2956,583.03,583.03,0,0,28
1079233,115,143,2956,586.88,586.88,0,0,149
1046958,116,143,2956,582.03,582.03,0,0,54
1159276,117,143,2956,582.03,583.03,0,0,121
1128243,118,143,2956,581.03,583.03,0,0,96
1285464,119,143,2956,581.03,582.03,0,0,14
1406712,120,143,2956,581.03,582.03,0,0,95
1185025,121,143,2956,592.73,592.73,0,0,69
1257792,122,143,2956,581.03,581.03,0,0,14
1249783,123,143,2956,583.03,583.03,0,0,27
1391269,124,143,2956,581.03,583.03,0,0,163
1169086,125,143,2956,607.28,607.28,0,0,54
1137035,126,143,2956,629.53,629.53,0,0,55
1200805,127,143,2956,631.53,631.53,0,0,54
1414892,128,143,2956,630.53,629.53,0,0,82
1192056,129,143,2956,437.53,631.53,0,1,283
1256800,130,143,2956,436.53,630.53,0,1,216
1198760,131,143,2956,435.53,630.53,0,1,215
1432332,132,143,2956,436.53,631.53,0,1,339
1437606,133,143,2956,601.43,602.43,0,0,80
1172281,134,143,2956,601.43,600.43,0,0,121
1359963,135,143,2956,600.43,602.43,0,0,55
1454090,136,143,2956,610.19,610.19,0,0,55
1339486,137,143,2956,631.53,631.53,0,0,27
1221239,138,143,2956,629.53,630.53,0,0,96
1107769,139,143,2956,495.7,629.53,0,0,189
1130848,140,143,2956,484.03,629.53,0,0,150
1125561,141,143,2956,583.03,581.03,0,0,55
1416416,142,143,2956,400.64,582.03,0,0,188
1245551,143,143,2956,582.03,583.03,0,0,28
1030831,144,143,2956,607.28,606.28,0,0,82
1204650,145,143,2956,581.03,582.03,0,0,82
1058874,61,143,2104,629.53,630.53,0,0,13
1048261,62,143,2104,630.53,629.53,0,0,15
1216574,65,143,2104,630.53,630.53,0,0,53
1169308,68,143,2104,630.53,629.53,0,0,15
1194519,69,143,2104,631.53,630.53,0,0,67
1252916,70,143,2104,629.53,630.53,0,0,13
1235437,71,143,2104,630.53,630.53,0,0,14
1104087,72,143,2104,631.53,629.53,0,0,27
1317297,73,143,2104,629.53,629.53,0,0,15
1192059,74,143,2104,629.53,631.53,0,0,26
1422563,75,143,2104,629.53,631.53,0,0,28
1099435,76,143,2104,629.53,629.53,0,0,14
1388577,77,143,2104,630.53,630.53,0,0,28
1396480,78,143,2104,581.03,582.03,0,0,15
1320340,79,143,2104,582.03,583.03,0,0,26
1282833,81,143,2104,581.03,581.03,0,0,53
1321214,82,143,2104,581.03,582.03,0,0,28
1481779,83,143,2104,581.03,583.03,0,0,14
1219438,84,143,2104,582.03,583.03,0,0,13
1409977,85,143,2104,581.03,583.03,0,0,40
1200086,86,143,2104,581.03,583.03,0,0,55
1125902,87,143,2104,581.03,582.03,0,0,14
1478296,88,143,2104,582.03,583.03,0,0,55
1093644,89,143,2104,582.03,582.03,0,0,40
1243105,90,143,2104,582.03,583.03,0,0,15
1433528,91,143,2104,582.03,583.03,0,0,54
1123129,93,143,2104,582.03,583.03,0,0,41
1338780,94,143,2104,581.03,581.03,0,0,81
1311363,95,143,2104,581.03,581.03,0,0,41
1387265,96,143,2104,593.64,594.64,0,0,53
1403925,97,143,2104,583.03,583.03,0,0,41
1285265,98,143,2104,582.03,583.03,0,0,41
1083126,99,143,2104,583.03,583.03,0,0,14
1064473,100,143,2104,486.03,582.03,0,0,55
1040998,101,143,2104,521.89,581.03,0,0,55
1418069,102,143,2104,583.03,581.03,0,0,13
1003498,103,143,2104,583.03,583.03,0,0,123
1234637,104,143,2104,583.03,582.03,0,0,28
1260510,105,143,2104,581.03,581.03,0,0,55
1477579,106,143,2104,581.03,581.03,0,0,40
1353318,107,143,2104,582.03,583.03,0,0,13
1248060,108,143,2104,591.73,591.73,0,0,68
1432898,109,143,2104,583.03,583.03,0,0,161
1173027,110,143,2104,581.03,581.03,0,0,14
1276749,111,143,2104,583.03,583.03,0,0,69
1129083,112,143,2104,581.03,581.03,0,0,81
1494624,113,143,2104,583.03,581.03,0,0,96
1133483,114,143,2104,583.03,583.03,0,0,54
1415749,115,143,2104,582.03,582.03,0,0,69
1166216,116,143,2104,598.52,597.52,0,0,40
1112544,117,143,2104,582.03,581.03,0,0,109
1304256,118,143,2104,582.03,582.03,0,0,42
1296631,120,143,2104,583.03,581.03,0,0,82
1257375,121,143,2104,581.03,582.03,0,0,108
1496032,122,143,2104,582.03,582.03,0,0,54
1472767,123,143,2104,595.64,593.64,0,0,55
1434451,124,143,2104,582.03,583.03,0,0,69
1339290,125,143,2104,581.03,581.03,0,0,26
1487851,126,143,2104,631.53,629.53,0,0,27
1372683,127,143,2104,629.53,630.53,0,0,82
1185369,128,143,2104,629.53,629.53,0,0,82
1327725,129,143,2104,436.53,630.53,0,1,190
1419736,130,143,2104,475.33,629.53,0,1,69
1231268,131,143,2104,436.53,629.53,0,1,216
1090661,132,143,2104,437.53,629.53,0,0,68
1065180,133,143,2104,601.43,602.43,0,0,54
1155674,134,143,2104,600.43,600.43,0,0,55
1231305,135,143,2104,602.43,602.43,0,0,82
1111683,136,143,2104,616.98,616.98,0,0,27
1040742,137,143,2104,630.53,629.53,0,0,55
1166172,138,143,2104,630.53,630.53,0,0,69
1262823,139,143,2104,484.03,630.53,0,0,149
1375570,140,143,2104,486.03,630.53,0,0,134
1453560,141,143,2104,581.03,581.03,0,0,42
1050530,142,143,2104,581.03,583.03,0,0,108
1134892,143,143,2104,583.03,581.03,0,0,94
1124797,144,143,2104,583.03,582.03,0,0,55
1001791,145,143,2104,582.03,581.03,0,0,69
